running egg_info
writing ../../build/deadband_ros/deadband_ros.egg-info/PKG-INFO
writing dependency_links to ../../build/deadband_ros/deadband_ros.egg-info/dependency_links.txt
writing entry points to ../../build/deadband_ros/deadband_ros.egg-info/entry_points.txt
writing requirements to ../../build/deadband_ros/deadband_ros.egg-info/requires.txt
writing top-level names to ../../build/deadband_ros/deadband_ros.egg-info/top_level.txt
reading manifest file '../../build/deadband_ros/deadband_ros.egg-info/SOURCES.txt'
writing manifest file '../../build/deadband_ros/deadband_ros.egg-info/SOURCES.txt'
running build
running build_py
copying deadband_ros/bridge_node.py -> /mnt/c/Users/will-/Documents/repos/deadband/ros2/build/deadband_ros/build/lib/deadband_ros
copying deadband_ros/world_node.py -> /mnt/c/Users/will-/Documents/repos/deadband/ros2/build/deadband_ros/build/lib/deadband_ros
running install
running install_lib
copying /mnt/c/Users/will-/Documents/repos/deadband/ros2/build/deadband_ros/build/lib/deadband_ros/bridge_node.py -> /mnt/c/Users/will-/Documents/repos/deadband/ros2/install/deadband_ros/lib/python3.10/site-packages/deadband_ros
copying /mnt/c/Users/will-/Documents/repos/deadband/ros2/build/deadband_ros/build/lib/deadband_ros/world_node.py -> /mnt/c/Users/will-/Documents/repos/deadband/ros2/install/deadband_ros/lib/python3.10/site-packages/deadband_ros
byte-compiling /mnt/c/Users/will-/Documents/repos/deadband/ros2/install/deadband_ros/lib/python3.10/site-packages/deadband_ros/bridge_node.py to bridge_node.cpython-310.pyc
byte-compiling /mnt/c/Users/will-/Documents/repos/deadband/ros2/install/deadband_ros/lib/python3.10/site-packages/deadband_ros/world_node.py to world_node.cpython-310.pyc
running install_data
running install_egg_info
removing '/mnt/c/Users/will-/Documents/repos/deadband/ros2/install/deadband_ros/lib/python3.10/site-packages/deadband_ros-0.1.0-py3.10.egg-info' (and everything under it)
Copying ../../build/deadband_ros/deadband_ros.egg-info to /mnt/c/Users/will-/Documents/repos/deadband/ros2/install/deadband_ros/lib/python3.10/site-packages/deadband_ros-0.1.0-py3.10.egg-info
running install_scripts
Installing bridge script to /mnt/c/Users/will-/Documents/repos/deadband/ros2/install/deadband_ros/lib/deadband_ros
Installing controller script to /mnt/c/Users/will-/Documents/repos/deadband/ros2/install/deadband_ros/lib/deadband_ros
Installing world script to /mnt/c/Users/will-/Documents/repos/deadband/ros2/install/deadband_ros/lib/deadband_ros
writing list of installed files to '/mnt/c/Users/will-/Documents/repos/deadband/ros2/build/deadband_ros/install.log'
