[0.337s] DEBUG:colcon:Command line arguments: ['/usr/bin/colcon', 'build']
[0.337s] DEBUG:colcon:Parsed command line arguments: Namespace(log_base=None, log_level=None, verb_name='build', build_base='build', install_base='install', merge_install=False, symlink_install=False, test_result_base=None, continue_on_error=False, executor='parallel', parallel_workers=32, event_handlers=None, ignore_user_meta=False, metas=['./colcon.meta'], base_paths=['.'], packages_ignore=None, packages_ignore_regex=None, paths=None, packages_up_to=None, packages_up_to_regex=None, packages_above=None, packages_above_and_dependencies=None, packages_above_depth=None, packages_select_by_dep=None, packages_skip_by_dep=None, packages_skip_up_to=None, packages_select_build_failed=False, packages_skip_build_finished=False, packages_select_test_failures=False, packages_skip_test_passed=False, packages_select=None, packages_skip=None, packages_select_regex=None, packages_skip_regex=None, packages_start=None, packages_end=None, allow_overriding=[], cmake_args=None, cmake_target=None, cmake_target_skip_unavailable=False, cmake_clean_cache=False, cmake_clean_first=False, cmake_force_configure=False, ament_cmake_args=None, catkin_cmake_args=None, catkin_skip_building_tests=False, verb_parser=<colcon_defaults.argument_parser.defaults.DefaultArgumentsDecorator object at 0x71b93dc0f880>, verb_extension=<colcon_core.verb.build.BuildVerb object at 0x71b93dc0f3a0>, main=<bound method BuildVerb.main of <colcon_core.verb.build.BuildVerb object at 0x71b93dc0f3a0>>)
[0.518s] Level 1:colcon.colcon_core.package_discovery:discover_packages(colcon_meta) check parameters
[0.519s] Level 1:colcon.colcon_core.package_discovery:discover_packages(recursive) check parameters
[0.519s] Level 1:colcon.colcon_core.package_discovery:discover_packages(ignore) check parameters
[0.519s] Level 1:colcon.colcon_core.package_discovery:discover_packages(path) check parameters
[0.519s] Level 1:colcon.colcon_core.package_discovery:discover_packages(colcon_meta) discover
[0.519s] Level 1:colcon.colcon_core.package_discovery:discover_packages(recursive) discover
[0.519s] INFO:colcon.colcon_core.package_discovery:Crawling recursively for packages in '/mnt/c/Users/will-/Documents/repos/deadband/ros2'
[0.520s] Level 1:colcon.colcon_core.package_identification:_identify(.) by extensions ['ignore', 'ignore_ament_install']
[0.520s] Level 1:colcon.colcon_core.package_identification:_identify(.) by extension 'ignore'
[0.520s] Level 1:colcon.colcon_core.package_identification:_identify(.) by extension 'ignore_ament_install'
[0.521s] Level 1:colcon.colcon_core.package_identification:_identify(.) by extensions ['colcon_pkg']
[0.521s] Level 1:colcon.colcon_core.package_identification:_identify(.) by extension 'colcon_pkg'
[0.521s] Level 1:colcon.colcon_core.package_identification:_identify(.) by extensions ['colcon_meta']
[0.521s] Level 1:colcon.colcon_core.package_identification:_identify(.) by extension 'colcon_meta'
[0.521s] Level 1:colcon.colcon_core.package_identification:_identify(.) by extensions ['ros']
[0.521s] Level 1:colcon.colcon_core.package_identification:_identify(.) by extension 'ros'
[0.531s] Level 1:colcon.colcon_core.package_identification:_identify(.) by extensions ['cmake', 'python']
[0.531s] Level 1:colcon.colcon_core.package_identification:_identify(.) by extension 'cmake'
[0.531s] Level 1:colcon.colcon_core.package_identification:_identify(.) by extension 'python'
[0.531s] Level 1:colcon.colcon_core.package_identification:_identify(.) by extensions ['python_setup_py']
[0.531s] Level 1:colcon.colcon_core.package_identification:_identify(.) by extension 'python_setup_py'
[0.533s] Level 1:colcon.colcon_core.package_identification:_identify(build) by extensions ['ignore', 'ignore_ament_install']
[0.533s] Level 1:colcon.colcon_core.package_identification:_identify(build) by extension 'ignore'
[0.534s] Level 1:colcon.colcon_core.package_identification:_identify(build) ignored
[0.535s] Level 1:colcon.colcon_core.package_identification:_identify(install) by extensions ['ignore', 'ignore_ament_install']
[0.535s] Level 1:colcon.colcon_core.package_identification:_identify(install) by extension 'ignore'
[0.536s] Level 1:colcon.colcon_core.package_identification:_identify(install) ignored
[0.538s] Level 1:colcon.colcon_core.package_identification:_identify(log) by extensions ['ignore', 'ignore_ament_install']
[0.538s] Level 1:colcon.colcon_core.package_identification:_identify(log) by extension 'ignore'
[0.539s] Level 1:colcon.colcon_core.package_identification:_identify(log) ignored
[0.540s] Level 1:colcon.colcon_core.package_identification:_identify(src) by extensions ['ignore', 'ignore_ament_install']
[0.540s] Level 1:colcon.colcon_core.package_identification:_identify(src) by extension 'ignore'
[0.541s] Level 1:colcon.colcon_core.package_identification:_identify(src) by extension 'ignore_ament_install'
[0.542s] Level 1:colcon.colcon_core.package_identification:_identify(src) by extensions ['colcon_pkg']
[0.542s] Level 1:colcon.colcon_core.package_identification:_identify(src) by extension 'colcon_pkg'
[0.542s] Level 1:colcon.colcon_core.package_identification:_identify(src) by extensions ['colcon_meta']
[0.542s] Level 1:colcon.colcon_core.package_identification:_identify(src) by extension 'colcon_meta'
[0.543s] Level 1:colcon.colcon_core.package_identification:_identify(src) by extensions ['ros']
[0.543s] Level 1:colcon.colcon_core.package_identification:_identify(src) by extension 'ros'
[0.545s] Level 1:colcon.colcon_core.package_identification:_identify(src) by extensions ['cmake', 'python']
[0.545s] Level 1:colcon.colcon_core.package_identification:_identify(src) by extension 'cmake'
[0.546s] Level 1:colcon.colcon_core.package_identification:_identify(src) by extension 'python'
[0.546s] Level 1:colcon.colcon_core.package_identification:_identify(src) by extensions ['python_setup_py']
[0.546s] Level 1:colcon.colcon_core.package_identification:_identify(src) by extension 'python_setup_py'
[0.549s] Level 1:colcon.colcon_core.package_identification:_identify(src/deadband_ros) by extensions ['ignore', 'ignore_ament_install']
[0.549s] Level 1:colcon.colcon_core.package_identification:_identify(src/deadband_ros) by extension 'ignore'
[0.550s] Level 1:colcon.colcon_core.package_identification:_identify(src/deadband_ros) by extension 'ignore_ament_install'
[0.551s] Level 1:colcon.colcon_core.package_identification:_identify(src/deadband_ros) by extensions ['colcon_pkg']
[0.551s] Level 1:colcon.colcon_core.package_identification:_identify(src/deadband_ros) by extension 'colcon_pkg'
[0.551s] Level 1:colcon.colcon_core.package_identification:_identify(src/deadband_ros) by extensions ['colcon_meta']
[0.552s] Level 1:colcon.colcon_core.package_identification:_identify(src/deadband_ros) by extension 'colcon_meta'
[0.552s] Level 1:colcon.colcon_core.package_identification:_identify(src/deadband_ros) by extensions ['ros']
[0.553s] Level 1:colcon.colcon_core.package_identification:_identify(src/deadband_ros) by extension 'ros'
[0.560s] DEBUG:colcon.colcon_core.package_identification:Package 'src/deadband_ros' with type 'ros.ament_python' and name 'deadband_ros'
[0.560s] Level 1:colcon.colcon_core.package_discovery:discover_packages(recursive) using defaults
[0.560s] Level 1:colcon.colcon_core.package_discovery:discover_packages(ignore) discover
[0.561s] Level 1:colcon.colcon_core.package_discovery:discover_packages(ignore) using defaults
[0.561s] Level 1:colcon.colcon_core.package_discovery:discover_packages(path) discover
[0.561s] Level 1:colcon.colcon_core.package_discovery:discover_packages(path) using defaults
[0.601s] Level 1:colcon.colcon_core.package_discovery:discover_packages(prefix_path) check parameters
[0.601s] Level 1:colcon.colcon_core.package_discovery:discover_packages(prefix_path) discover
[0.621s] DEBUG:colcon.colcon_installed_package_information.package_discovery:Found 1 installed packages in /mnt/c/Users/will-/Documents/repos/deadband/ros2/install
[0.622s] DEBUG:colcon.colcon_installed_package_information.package_discovery:Found 292 installed packages in /opt/ros/humble
[0.627s] Level 1:colcon.colcon_core.package_discovery:discover_packages(prefix_path) using defaults
[0.655s] Level 5:colcon.colcon_core.verb:set package 'deadband_ros' build argument 'cmake_args' from command line to 'None'
[0.655s] Level 5:colcon.colcon_core.verb:set package 'deadband_ros' build argument 'cmake_target' from command line to 'None'
[0.655s] Level 5:colcon.colcon_core.verb:set package 'deadband_ros' build argument 'cmake_target_skip_unavailable' from command line to 'False'
[0.655s] Level 5:colcon.colcon_core.verb:set package 'deadband_ros' build argument 'cmake_clean_cache' from command line to 'False'
[0.655s] Level 5:colcon.colcon_core.verb:set package 'deadband_ros' build argument 'cmake_clean_first' from command line to 'False'
[0.655s] Level 5:colcon.colcon_core.verb:set package 'deadband_ros' build argument 'cmake_force_configure' from command line to 'False'
[0.656s] Level 5:colcon.colcon_core.verb:set package 'deadband_ros' build argument 'ament_cmake_args' from command line to 'None'
[0.656s] Level 5:colcon.colcon_core.verb:set package 'deadband_ros' build argument 'catkin_cmake_args' from command line to 'None'
[0.656s] Level 5:colcon.colcon_core.verb:set package 'deadband_ros' build argument 'catkin_skip_building_tests' from command line to 'False'
[0.656s] DEBUG:colcon.colcon_core.verb:Building package 'deadband_ros' with the following arguments: {'ament_cmake_args': None, 'build_base': '/mnt/c/Users/will-/Documents/repos/deadband/ros2/build/deadband_ros', 'catkin_cmake_args': None, 'catkin_skip_building_tests': False, 'cmake_args': None, 'cmake_clean_cache': False, 'cmake_clean_first': False, 'cmake_force_configure': False, 'cmake_target': None, 'cmake_target_skip_unavailable': False, 'install_base': '/mnt/c/Users/will-/Documents/repos/deadband/ros2/install/deadband_ros', 'merge_install': False, 'path': '/mnt/c/Users/will-/Documents/repos/deadband/ros2/src/deadband_ros', 'symlink_install': False, 'test_result_base': None}
[0.656s] INFO:colcon.colcon_core.executor:Executing jobs using 'parallel' executor
[0.657s] DEBUG:colcon.colcon_parallel_executor.executor.parallel:run_until_complete
[0.657s] INFO:colcon.colcon_ros.task.ament_python.build:Building ROS package in '/mnt/c/Users/will-/Documents/repos/deadband/ros2/src/deadband_ros' with build type 'ament_python'
[0.657s] Level 1:colcon.colcon_core.shell:create_environment_hook('deadband_ros', 'ament_prefix_path')
[0.664s] INFO:colcon.colcon_core.plugin_system:Skipping extension 'colcon_core.shell.bat': Not used on non-Windows systems
[0.665s] INFO:colcon.colcon_core.shell:Creating environment hook '/mnt/c/Users/will-/Documents/repos/deadband/ros2/install/deadband_ros/share/deadband_ros/hook/ament_prefix_path.ps1'
[0.675s] INFO:colcon.colcon_core.shell:Creating environment descriptor '/mnt/c/Users/will-/Documents/repos/deadband/ros2/install/deadband_ros/share/deadband_ros/hook/ament_prefix_path.dsv'
[0.683s] INFO:colcon.colcon_core.shell:Creating environment hook '/mnt/c/Users/will-/Documents/repos/deadband/ros2/install/deadband_ros/share/deadband_ros/hook/ament_prefix_path.sh'
[0.691s] INFO:colcon.colcon_core.shell:Skip shell extension 'powershell' for command environment: Not usable outside of PowerShell
[0.691s] DEBUG:colcon.colcon_core.shell:Skip shell extension 'dsv' for command environment
[1.154s] INFO:colcon.colcon_core.task.python.build:Building Python package in '/mnt/c/Users/will-/Documents/repos/deadband/ros2/src/deadband_ros'
[1.155s] INFO:colcon.colcon_core.shell:Skip shell extension 'powershell' for command environment: Not usable outside of PowerShell
[1.155s] DEBUG:colcon.colcon_core.shell:Skip shell extension 'dsv' for command environment
[2.249s] DEBUG:colcon.colcon_core.event_handler.log_command:Invoking command in '/mnt/c/Users/will-/Documents/repos/deadband/ros2/src/deadband_ros': PYTHONPATH=/mnt/c/Users/will-/Documents/repos/deadband/ros2/build/deadband_ros/prefix_override:/usr/lib/python3/dist-packages/colcon_core/task/python/colcon_distutils_commands:/mnt/c/Users/will-/Documents/repos/deadband/ros2/install/deadband_ros/lib/python3.10/site-packages:${PYTHONPATH} /usr/bin/python3 -W ignore:setup.py install is deprecated -W ignore:easy_install command is deprecated setup.py egg_info --egg-base ../../build/deadband_ros build --build-base /mnt/c/Users/will-/Documents/repos/deadband/ros2/build/deadband_ros/build install --record /mnt/c/Users/will-/Documents/repos/deadband/ros2/build/deadband_ros/install.log --single-version-externally-managed install_data
[3.762s] DEBUG:colcon.colcon_core.event_handler.log_command:Invoked command in '/mnt/c/Users/will-/Documents/repos/deadband/ros2/src/deadband_ros' returned '0': PYTHONPATH=/mnt/c/Users/will-/Documents/repos/deadband/ros2/build/deadband_ros/prefix_override:/usr/lib/python3/dist-packages/colcon_core/task/python/colcon_distutils_commands:/mnt/c/Users/will-/Documents/repos/deadband/ros2/install/deadband_ros/lib/python3.10/site-packages:${PYTHONPATH} /usr/bin/python3 -W ignore:setup.py install is deprecated -W ignore:easy_install command is deprecated setup.py egg_info --egg-base ../../build/deadband_ros build --build-base /mnt/c/Users/will-/Documents/repos/deadband/ros2/build/deadband_ros/build install --record /mnt/c/Users/will-/Documents/repos/deadband/ros2/build/deadband_ros/install.log --single-version-externally-managed install_data
[3.771s] Level 1:colcon.colcon_core.environment:checking '/mnt/c/Users/will-/Documents/repos/deadband/ros2/install/deadband_ros' for CMake module files
[3.805s] Level 1:colcon.colcon_core.environment:checking '/mnt/c/Users/will-/Documents/repos/deadband/ros2/install/deadband_ros' for CMake config files
[3.859s] Level 1:colcon.colcon_core.environment:checking '/mnt/c/Users/will-/Documents/repos/deadband/ros2/install/deadband_ros/lib'
[3.862s] Level 1:colcon.colcon_core.environment:checking '/mnt/c/Users/will-/Documents/repos/deadband/ros2/install/deadband_ros/bin'
[3.863s] Level 1:colcon.colcon_core.environment:checking '/mnt/c/Users/will-/Documents/repos/deadband/ros2/install/deadband_ros/lib/pkgconfig/deadband_ros.pc'
[3.864s] Level 1:colcon.colcon_core.environment:checking '/mnt/c/Users/will-/Documents/repos/deadband/ros2/install/deadband_ros/lib/python3.10/site-packages'
[3.865s] Level 1:colcon.colcon_core.shell:create_environment_hook('deadband_ros', 'pythonpath')
[3.865s] INFO:colcon.colcon_core.shell:Creating environment hook '/mnt/c/Users/will-/Documents/repos/deadband/ros2/install/deadband_ros/share/deadband_ros/hook/pythonpath.ps1'
[3.873s] INFO:colcon.colcon_core.shell:Creating environment descriptor '/mnt/c/Users/will-/Documents/repos/deadband/ros2/install/deadband_ros/share/deadband_ros/hook/pythonpath.dsv'
[3.881s] INFO:colcon.colcon_core.shell:Creating environment hook '/mnt/c/Users/will-/Documents/repos/deadband/ros2/install/deadband_ros/share/deadband_ros/hook/pythonpath.sh'
[3.889s] Level 1:colcon.colcon_core.environment:checking '/mnt/c/Users/will-/Documents/repos/deadband/ros2/install/deadband_ros/bin'
[3.890s] Level 1:colcon.colcon_core.environment:create_environment_scripts_only(deadband_ros)
[3.890s] INFO:colcon.colcon_core.shell:Creating package script '/mnt/c/Users/will-/Documents/repos/deadband/ros2/install/deadband_ros/share/deadband_ros/package.ps1'
[3.904s] INFO:colcon.colcon_core.shell:Creating package descriptor '/mnt/c/Users/will-/Documents/repos/deadband/ros2/install/deadband_ros/share/deadband_ros/package.dsv'
[3.912s] INFO:colcon.colcon_core.shell:Creating package script '/mnt/c/Users/will-/Documents/repos/deadband/ros2/install/deadband_ros/share/deadband_ros/package.sh'
[3.918s] INFO:colcon.colcon_core.shell:Creating package script '/mnt/c/Users/will-/Documents/repos/deadband/ros2/install/deadband_ros/share/deadband_ros/package.bash'
[3.925s] INFO:colcon.colcon_core.shell:Creating package script '/mnt/c/Users/will-/Documents/repos/deadband/ros2/install/deadband_ros/share/deadband_ros/package.zsh'
[3.933s] Level 1:colcon.colcon_core.environment:create_file_with_runtime_dependencies(/mnt/c/Users/will-/Documents/repos/deadband/ros2/install/deadband_ros/share/colcon-core/packages/deadband_ros)
[3.938s] DEBUG:colcon.colcon_parallel_executor.executor.parallel:closing loop
[3.938s] DEBUG:colcon.colcon_parallel_executor.executor.parallel:loop closed
[3.938s] DEBUG:colcon.colcon_parallel_executor.executor.parallel:run_until_complete finished with '0'
[3.939s] DEBUG:colcon.colcon_core.event_reactor:joining thread
[3.972s] INFO:colcon.colcon_core.plugin_system:Skipping extension 'colcon_notification.desktop_notification.notify_send': Could not find 'notify-send'
[3.972s] INFO:colcon.colcon_core.plugin_system:Skipping extension 'colcon_notification.desktop_notification.terminal_notifier': Not used on non-Darwin systems
[3.972s] INFO:colcon.colcon_core.plugin_system:Skipping extension 'colcon_notification.desktop_notification.win32': Not used on non-Windows systems
[3.972s] INFO:colcon.colcon_notification.desktop_notification:Sending desktop notification using 'notify2'
[3.973s] DEBUG:colcon.colcon_notification.desktop_notification.notify2:Failed to initialize notify2: org.freedesktop.DBus.Error.FileNotFound: Failed to connect to socket /run/user/1000/bus: No such file or directory
[3.973s] DEBUG:colcon.colcon_core.event_reactor:joined thread
[3.973s] INFO:colcon.colcon_core.shell:Creating prefix script '/mnt/c/Users/will-/Documents/repos/deadband/ros2/install/local_setup.ps1'
[3.977s] INFO:colcon.colcon_core.shell:Creating prefix util module '/mnt/c/Users/will-/Documents/repos/deadband/ros2/install/_local_setup_util_ps1.py'
[3.980s] INFO:colcon.colcon_core.shell:Creating prefix chain script '/mnt/c/Users/will-/Documents/repos/deadband/ros2/install/setup.ps1'
[3.988s] INFO:colcon.colcon_core.shell:Creating prefix script '/mnt/c/Users/will-/Documents/repos/deadband/ros2/install/local_setup.sh'
[3.992s] INFO:colcon.colcon_core.shell:Creating prefix util module '/mnt/c/Users/will-/Documents/repos/deadband/ros2/install/_local_setup_util_sh.py'
[3.995s] INFO:colcon.colcon_core.shell:Creating prefix chain script '/mnt/c/Users/will-/Documents/repos/deadband/ros2/install/setup.sh'
[4.003s] INFO:colcon.colcon_core.shell:Creating prefix script '/mnt/c/Users/will-/Documents/repos/deadband/ros2/install/local_setup.bash'
[4.006s] INFO:colcon.colcon_core.shell:Creating prefix chain script '/mnt/c/Users/will-/Documents/repos/deadband/ros2/install/setup.bash'
[4.013s] INFO:colcon.colcon_core.shell:Creating prefix script '/mnt/c/Users/will-/Documents/repos/deadband/ros2/install/local_setup.zsh'
[4.016s] INFO:colcon.colcon_core.shell:Creating prefix chain script '/mnt/c/Users/will-/Documents/repos/deadband/ros2/install/setup.zsh'
