/mnt/c/Users/will-/Documents/repos/deadband/ros2/install/deadband_ros/lib/python3.10/site-packages/deadband_ros/bridge_node.py
/mnt/c/Users/will-/Documents/repos/deadband/ros2/install/deadband_ros/lib/python3.10/site-packages/deadband_ros/common.py
/mnt/c/Users/will-/Documents/repos/deadband/ros2/install/deadband_ros/lib/python3.10/site-packages/deadband_ros/controller_node.py
/mnt/c/Users/will-/Documents/repos/deadband/ros2/install/deadband_ros/lib/python3.10/site-packages/deadband_ros/world_node.py
/mnt/c/Users/will-/Documents/repos/deadband/ros2/install/deadband_ros/lib/python3.10/site-packages/deadband_ros/__init__.py
/mnt/c/Users/will-/Documents/repos/deadband/ros2/install/deadband_ros/lib/python3.10/site-packages/deadband_ros/__pycache__/bridge_node.cpython-310.pyc
/mnt/c/Users/will-/Documents/repos/deadband/ros2/install/deadband_ros/lib/python3.10/site-packages/deadband_ros/__pycache__/common.cpython-310.pyc
/mnt/c/Users/will-/Documents/repos/deadband/ros2/install/deadband_ros/lib/python3.10/site-packages/deadband_ros/__pycache__/controller_node.cpython-310.pyc
/mnt/c/Users/will-/Documents/repos/deadband/ros2/install/deadband_ros/lib/python3.10/site-packages/deadband_ros/__pycache__/world_node.cpython-310.pyc
/mnt/c/Users/will-/Documents/repos/deadband/ros2/install/deadband_ros/lib/python3.10/site-packages/deadband_ros/__pycache__/__init__.cpython-310.pyc
/mnt/c/Users/will-/Documents/repos/deadband/ros2/install/deadband_ros/share/ament_index/resource_index/packages/deadband_ros
/mnt/c/Users/will-/Documents/repos/deadband/ros2/install/deadband_ros/share/deadband_ros/package.xml
/mnt/c/Users/will-/Documents/repos/deadband/ros2/install/deadband_ros/share/deadband_ros/launch/fleet.launch.py
/mnt/c/Users/will-/Documents/repos/deadband/ros2/install/deadband_ros/lib/python3.10/site-packages/deadband_ros-0.1.0-py3.10.egg-info/dependency_links.txt
/mnt/c/Users/will-/Documents/repos/deadband/ros2/install/deadband_ros/lib/python3.10/site-packages/deadband_ros-0.1.0-py3.10.egg-info/entry_points.txt
/mnt/c/Users/will-/Documents/repos/deadband/ros2/install/deadband_ros/lib/python3.10/site-packages/deadband_ros-0.1.0-py3.10.egg-info/PKG-INFO
/mnt/c/Users/will-/Documents/repos/deadband/ros2/install/deadband_ros/lib/python3.10/site-packages/deadband_ros-0.1.0-py3.10.egg-info/requires.txt
/mnt/c/Users/will-/Documents/repos/deadband/ros2/install/deadband_ros/lib/python3.10/site-packages/deadband_ros-0.1.0-py3.10.egg-info/SOURCES.txt
/mnt/c/Users/will-/Documents/repos/deadband/ros2/install/deadband_ros/lib/python3.10/site-packages/deadband_ros-0.1.0-py3.10.egg-info/top_level.txt
/mnt/c/Users/will-/Documents/repos/deadband/ros2/install/deadband_ros/lib/python3.10/site-packages/deadband_ros-0.1.0-py3.10.egg-info/zip-safe
/mnt/c/Users/will-/Documents/repos/deadband/ros2/install/deadband_ros/lib/deadband_ros/bridge
/mnt/c/Users/will-/Documents/repos/deadband/ros2/install/deadband_ros/lib/deadband_ros/controller
/mnt/c/Users/will-/Documents/repos/deadband/ros2/install/deadband_ros/lib/deadband_ros/world
